18333 execve("/workspace/challenge2/chall", ["/workspace/challenge2/chall"], 0x7ffe799a5a38 /* 26 vars */) = 0
18333 brk(NULL)                         = 0x55e963dc3000
18333 mmap(NULL, 8192, PROT_READ|PROT_WRITE, MAP_PRIVATE|MAP_ANONYMOUS, -1, 0) = 0x7ff006f6d000
18333 access("/etc/ld.so.preload", R_OK) = -1 ENOENT (No such file or directory)
18333 openat(AT_FDCWD, "/etc/ld.so.cache", O_RDONLY|O_CLOEXEC) = 3
18333 fstat(3, {st_mode=S_IFREG|0644, st_size=57295, ...}) = 0
18333 mmap(NULL, 57295, PROT_READ, MAP_PRIVATE, 3, 0) = 0x7ff006f5f000
18333 close(3)                          = 0
18333 openat(AT_FDCWD, "/lib/x86_64-linux-gnu/libc.so.6", O_RDONLY|O_CLOEXEC) = 3
18333 read(3, "\177ELF\2\1\1\3\0\0\0\0\0\0\0\0\3\0>\0\1\0\0\0\220\243\2\0\0\0\0\0"..., 832) = 832
18333 pread64(3, "\6\0\0\0\4\0\0\0@\0\0\0\0\0\0\0@\0\0\0\0\0\0\0@\0\0\0\0\0\0\0"..., 784, 64) = 784
18333 fstat(3, {st_mode=S_IFREG|0755, st_size=2125328, ...}) = 0
18333 pread64(3, "\6\0\0\0\4\0\0\0@\0\0\0\0\0\0\0@\0\0\0\0\0\0\0@\0\0\0\0\0\0\0"..., 784, 64) = 784
18333 mmap(NULL, 2170256, PROT_READ, MAP_PRIVATE|MAP_DENYWRITE, 3, 0) = 0x7ff006d4d000
18333 mmap(0x7ff006d75000, 1605632, PROT_READ|PROT_EXEC, MAP_PRIVATE|MAP_FIXED|MAP_DENYWRITE, 3, 0x28000) = 0x7ff006d75000
18333 mmap(0x7ff006efd000, 323584, PROT_READ, MAP_PRIVATE|MAP_FIXED|MAP_DENYWRITE, 3, 0x1b0000) = 0x7ff006efd000
18333 mmap(0x7ff006f4c000, 24576, PROT_READ|PROT_WRITE, MAP_PRIVATE|MAP_FIXED|MAP_DENYWRITE, 3, 0x1fe000) = 0x7ff006f4c000
18333 mmap(0x7ff006f52000, 52624, PROT_READ|PROT_WRITE, MAP_PRIVATE|MAP_FIXED|MAP_ANONYMOUS, -1, 0) = 0x7ff006f52000
18333 close(3)                          = 0
18333 mmap(NULL, 12288, PROT_READ|PROT_WRITE, MAP_PRIVATE|MAP_ANONYMOUS, -1, 0) = 0x7ff006d4a000
18333 arch_prctl(ARCH_SET_FS, 0x7ff006d4a740) = 0
18333 set_tid_address(0x7ff006d4aa10)   = 18333
18333 set_robust_list(0x7ff006d4aa20, 24) = 0
18333 rseq(0x7ff006d4b060, 0x20, 0, 0x53053053) = 0
18333 mprotect(0x7ff006f4c000, 16384, PROT_READ) = 0
18333 mprotect(0x55e926bca000, 4096, PROT_READ) = 0
18333 mprotect(0x7ff006fa5000, 8192, PROT_READ) = 0
18333 prlimit64(0, RLIMIT_STACK, NULL, {rlim_cur=8192*1024, rlim_max=RLIM64_INFINITY}) = 0
18333 munmap(0x7ff006f5f000, 57295)     = 0
18333 alarm(60)                         = 0
18333 write(1, "hi", 2)                 = 2
18333 write(1, "\n", 1)                 = 1
18333 write(1, "token=55e926bc81dd\n", 19) = 19
18333 write(1, "Input:", 6)             = 6
18333 write(1, "\n", 1)                 = 1
18333 read(0, "@\262\274&\351U\0\0\32\200\274&\351U\0\0\227\202\274&\351U\0\0\260\257\274&\351U\0\0"..., 1792) = 49
18333 write(1, "OK", 2)                 = 2
18333 write(1, "\n", 1)                 = 1
18333 write(1, "Name:", 5)              = 5
18333 write(1, "\n", 1)                 = 1
18333 read(0, "AAAAAAAAAAAAAAAAAAAAAAAAAAAAAAAA"..., 48) = 48
18333 write(1, "bye", 3)                = 3
18333 write(1, "\n", 1)                 = 1
18333 --- SIGSEGV {si_signo=SIGSEGV, si_code=SEGV_ACCERR, si_addr=0x55e926bcaff8} ---
18333 +++ killed by SIGSEGV (core dumped) +++
