19340 execve("/workspace/challenge2/chall", ["/workspace/challenge2/chall"], 0x7fff9c5e0e68 /* 26 vars */) = 0
19340 brk(NULL)                         = 0x561c80833000
19340 mmap(NULL, 8192, PROT_READ|PROT_WRITE, MAP_PRIVATE|MAP_ANONYMOUS, -1, 0) = 0x7f197e12d000
19340 access("/etc/ld.so.preload", R_OK) = -1 ENOENT (No such file or directory)
19340 openat(AT_FDCWD, "/etc/ld.so.cache", O_RDONLY|O_CLOEXEC) = 3
19340 fstat(3, {st_mode=S_IFREG|0644, st_size=57295, ...}) = 0
19340 mmap(NULL, 57295, PROT_READ, MAP_PRIVATE, 3, 0) = 0x7f197e11f000
19340 close(3)                          = 0
19340 openat(AT_FDCWD, "/lib/x86_64-linux-gnu/libc.so.6", O_RDONLY|O_CLOEXEC) = 3
19340 read(3, "\177ELF\2\1\1\3\0\0\0\0\0\0\0\0\3\0>\0\1\0\0\0\220\243\2\0\0\0\0\0"..., 832) = 832
19340 pread64(3, "\6\0\0\0\4\0\0\0@\0\0\0\0\0\0\0@\0\0\0\0\0\0\0@\0\0\0\0\0\0\0"..., 784, 64) = 784
19340 fstat(3, {st_mode=S_IFREG|0755, st_size=2125328, ...}) = 0
19340 pread64(3, "\6\0\0\0\4\0\0\0@\0\0\0\0\0\0\0@\0\0\0\0\0\0\0@\0\0\0\0\0\0\0"..., 784, 64) = 784
19340 mmap(NULL, 2170256, PROT_READ, MAP_PRIVATE|MAP_DENYWRITE, 3, 0) = 0x7f197df0d000
19340 mmap(0x7f197df35000, 1605632, PROT_READ|PROT_EXEC, MAP_PRIVATE|MAP_FIXED|MAP_DENYWRITE, 3, 0x28000) = 0x7f197df35000
19340 mmap(0x7f197e0bd000, 323584, PROT_READ, MAP_PRIVATE|MAP_FIXED|MAP_DENYWRITE, 3, 0x1b0000) = 0x7f197e0bd000
19340 mmap(0x7f197e10c000, 24576, PROT_READ|PROT_WRITE, MAP_PRIVATE|MAP_FIXED|MAP_DENYWRITE, 3, 0x1fe000) = 0x7f197e10c000
19340 mmap(0x7f197e112000, 52624, PROT_READ|PROT_WRITE, MAP_PRIVATE|MAP_FIXED|MAP_ANONYMOUS, -1, 0) = 0x7f197e112000
19340 close(3)                          = 0
19340 mmap(NULL, 12288, PROT_READ|PROT_WRITE, MAP_PRIVATE|MAP_ANONYMOUS, -1, 0) = 0x7f197df0a000
19340 arch_prctl(ARCH_SET_FS, 0x7f197df0a740) = 0
19340 set_tid_address(0x7f197df0aa10)   = 19340
19340 set_robust_list(0x7f197df0aa20, 24) = 0
19340 rseq(0x7f197df0b060, 0x20, 0, 0x53053053) = 0
19340 mprotect(0x7f197e10c000, 16384, PROT_READ) = 0
19340 mprotect(0x561c7d7ca000, 4096, PROT_READ) = 0
19340 mprotect(0x7f197e165000, 8192, PROT_READ) = 0
19340 prlimit64(0, RLIMIT_STACK, NULL, {rlim_cur=8192*1024, rlim_max=RLIM64_INFINITY}) = 0
19340 munmap(0x7f197e11f000, 57295)     = 0
19340 alarm(60)                         = 0
19340 write(1, "hi", 2)                 = 2
19340 write(1, "\n", 1)                 = 1
19340 write(1, "token=561c7d7c81dd\n", 19) = 19
19340 write(1, "Input:", 6)             = 6
19340 write(1, "\n", 1)                 = 1
19340 read(0, "AAAAAAAAAAAAAAAAAAAAAAAAAAAAAAAA"..., 1792) = 1792
19340 write(1, "OK", 2)                 = 2
19340 write(1, "\n", 1)                 = 1
19340 write(1, "Name:", 5)              = 5
19340 write(1, "\n", 1)                 = 1
19340 read(0, "AAAAAAAAAAAAAAAAAAAAAAAAAAAAAAAA"..., 48) = 48
19340 write(1, "bye", 3)                = 3
19340 write(1, "\n", 1)                 = 1
19340 --- SIGSEGV {si_signo=SIGSEGV, si_code=SI_KERNEL, si_addr=NULL} ---
19340 +++ killed by SIGSEGV (core dumped) +++
