19995 execve("/workspace/challenge2/chall", ["/workspace/challenge2/chall"], 0x7ffc758c4568 /* 26 vars */) = 0
19995 brk(NULL)                         = 0x562bba2b9000
19995 mmap(NULL, 8192, PROT_READ|PROT_WRITE, MAP_PRIVATE|MAP_ANONYMOUS, -1, 0) = 0x7f927e4a2000
19995 access("/etc/ld.so.preload", R_OK) = -1 ENOENT (No such file or directory)
19995 openat(AT_FDCWD, "/etc/ld.so.cache", O_RDONLY|O_CLOEXEC) = 3
19995 fstat(3, {st_mode=S_IFREG|0644, st_size=57295, ...}) = 0
19995 mmap(NULL, 57295, PROT_READ, MAP_PRIVATE, 3, 0) = 0x7f927e494000
19995 close(3)                          = 0
19995 openat(AT_FDCWD, "/lib/x86_64-linux-gnu/libc.so.6", O_RDONLY|O_CLOEXEC) = 3
19995 read(3, "\177ELF\2\1\1\3\0\0\0\0\0\0\0\0\3\0>\0\1\0\0\0\220\243\2\0\0\0\0\0"..., 832) = 832
19995 pread64(3, "\6\0\0\0\4\0\0\0@\0\0\0\0\0\0\0@\0\0\0\0\0\0\0@\0\0\0\0\0\0\0"..., 784, 64) = 784
19995 fstat(3, {st_mode=S_IFREG|0755, st_size=2125328, ...}) = 0
19995 pread64(3, "\6\0\0\0\4\0\0\0@\0\0\0\0\0\0\0@\0\0\0\0\0\0\0@\0\0\0\0\0\0\0"..., 784, 64) = 784
19995 mmap(NULL, 2170256, PROT_READ, MAP_PRIVATE|MAP_DENYWRITE, 3, 0) = 0x7f927e282000
19995 mmap(0x7f927e2aa000, 1605632, PROT_READ|PROT_EXEC, MAP_PRIVATE|MAP_FIXED|MAP_DENYWRITE, 3, 0x28000) = 0x7f927e2aa000
19995 mmap(0x7f927e432000, 323584, PROT_READ, MAP_PRIVATE|MAP_FIXED|MAP_DENYWRITE, 3, 0x1b0000) = 0x7f927e432000
19995 mmap(0x7f927e481000, 24576, PROT_READ|PROT_WRITE, MAP_PRIVATE|MAP_FIXED|MAP_DENYWRITE, 3, 0x1fe000) = 0x7f927e481000
19995 mmap(0x7f927e487000, 52624, PROT_READ|PROT_WRITE, MAP_PRIVATE|MAP_FIXED|MAP_ANONYMOUS, -1, 0) = 0x7f927e487000
19995 close(3)                          = 0
19995 mmap(NULL, 12288, PROT_READ|PROT_WRITE, MAP_PRIVATE|MAP_ANONYMOUS, -1, 0) = 0x7f927e27f000
19995 arch_prctl(ARCH_SET_FS, 0x7f927e27f740) = 0
19995 set_tid_address(0x7f927e27fa10)   = 19995
19995 set_robust_list(0x7f927e27fa20, 24) = 0
19995 rseq(0x7f927e280060, 0x20, 0, 0x53053053) = 0
19995 mprotect(0x7f927e481000, 16384, PROT_READ) = 0
19995 mprotect(0x562b98198000, 4096, PROT_READ) = 0
19995 mprotect(0x7f927e4da000, 8192, PROT_READ) = 0
19995 prlimit64(0, RLIMIT_STACK, NULL, {rlim_cur=8192*1024, rlim_max=RLIM64_INFINITY}) = 0
19995 munmap(0x7f927e494000, 57295)     = 0
19995 alarm(60)                         = 0
19995 write(1, "hi", 2)                 = 2
19995 write(1, "\n", 1)                 = 1
19995 write(1, "token=562b981961dd\n", 19) = 19
19995 write(1, "Input:", 6)             = 6
19995 write(1, "\n", 1)                 = 1
19995 read(0, "AAAAAAAAAAAAAAAAAAAAAAAAAAAAAAAA"..., 1792) = 1792
19995 write(1, "OK", 2)                 = 2
19995 write(1, "\n", 1)                 = 1
19995 write(1, "Name:", 5)              = 5
19995 write(1, "\n", 1)                 = 1
19995 read(0, "BBBBBBBBBBBBBBBBBBBBBBBBBBBBBBBB"..., 48) = 48
19995 write(1, "bye", 3)                = 3
19995 write(1, "\n", 1)                 = 1
19995 write(1, "\340\2330~\222\177", 6) = 6
19995 write(1, "\n", 1)                 = 1
19995 alarm(60)                         = 60
19995 write(1, "hi", 2)                 = 2
19995 write(1, "\n", 1)                 = 1
19995 --- SIGSEGV {si_signo=SIGSEGV, si_code=SEGV_ACCERR, si_addr=0x562b98198f20} ---
19995 +++ killed by SIGSEGV (core dumped) +++
